{"synthetic": false,
 "schemaVersion": "2025-09-10",
 "outputs":
 {"o": ["bfe1a712422821ba.olean"],
  "i": "cd927b86ba3a414d.ilean",
  "c": "6b9bb259b6b603ed.c"},
 "log":
 [{"message":
   ".> LEAN_PATH=/Users/soohyuk.cho/Desktop/Princeton/SP26/COS598B/COS598B-Final-Project-Verilog-To-Lean/LeanHW/.lake/build/lib/lean /Users/soohyuk.cho/.elan/toolchains/leanprover--lean4---v4.29.0/bin/lean /Users/soohyuk.cho/Desktop/Princeton/SP26/COS598B/COS598B-Final-Project-Verilog-To-Lean/LeanHW/LeanHW/Tier1/ALU_4_verB.lean -o /Users/soohyuk.cho/Desktop/Princeton/SP26/COS598B/COS598B-Final-Project-Verilog-To-Lean/LeanHW/.lake/build/lib/lean/LeanHW/Tier1/ALU_4_verB.olean -i /Users/soohyuk.cho/Desktop/Princeton/SP26/COS598B/COS598B-Final-Project-Verilog-To-Lean/LeanHW/.lake/build/lib/lean/LeanHW/Tier1/ALU_4_verB.ilean -c /Users/soohyuk.cho/Desktop/Princeton/SP26/COS598B/COS598B-Final-Project-Verilog-To-Lean/LeanHW/.lake/build/ir/LeanHW/Tier1/ALU_4_verB.c --setup /Users/soohyuk.cho/Desktop/Princeton/SP26/COS598B/COS598B-Final-Project-Verilog-To-Lean/LeanHW/.lake/build/ir/LeanHW/Tier1/ALU_4_verB.setup.json --json",
   "level": "trace"}],
 "inputs":
 [["LeanHW.Tier1.ALU_4_verB:deps",
   [["deps",
     [["LeanHW/LeanHW:extraDep", [["@LeanHW:extraDep", "00000000000006bb"]]],
      ["imports", "00000000000006bb"]]],
    ["libs",
     [["import dynlibs", "00000000000006bb"],
      ["package external libraries", "00000000000006bb"],
      ["module dynlibs", "00000000000006bb"],
      ["module plugins", "00000000000006bb"]]]]],
  ["Lean 4.29.0, commit 98dc76e3c0a9b856c9b98726b713fb04fab16740",
   "60bb08ef22408c8a"],
  ["/Users/soohyuk.cho/Desktop/Princeton/SP26/COS598B/COS598B-Final-Project-Verilog-To-Lean/LeanHW/LeanHW/Tier1/ALU_4_verB.lean",
   "b3765e2f73542973"],
  ["options", [["-DautoImplicit=false", "4a85acb881fd49d0"]]],
  ["isModule: false", "feefd2a0d3a1847e"],
  ["Module.name: LeanHW.Tier1.ALU_4_verB", "75cafd9a6bb3cc1b"],
  ["Package.id?: (some LeanHW)", "e79ee8d89c8db668"],
  ["Module.leanArgs: #[]", "00000000000006bb"]],
 "depHash": "814175dcb912d2e4"}