{"synthetic": false,
 "schemaVersion": "2025-09-10",
 "outputs":
 {"o": ["7e7ba9861c27ae77.olean"],
  "i": "6a4813a0635a309b.ilean",
  "c": "d22ba49da399346e.c"},
 "log":
 [{"message":
   ".> LEAN_PATH=/Users/soohyuk.cho/Desktop/Princeton/SP26/COS598B/COS598B-Final-Project-Verilog-To-Lean/LeanHW/.lake/build/lib/lean /Users/soohyuk.cho/.elan/toolchains/leanprover--lean4---v4.29.0/bin/lean /Users/soohyuk.cho/Desktop/Princeton/SP26/COS598B/COS598B-Final-Project-Verilog-To-Lean/LeanHW/LeanHW/Tier1/Decoder_2_4_verA.lean -o /Users/soohyuk.cho/Desktop/Princeton/SP26/COS598B/COS598B-Final-Project-Verilog-To-Lean/LeanHW/.lake/build/lib/lean/LeanHW/Tier1/Decoder_2_4_verA.olean -i /Users/soohyuk.cho/Desktop/Princeton/SP26/COS598B/COS598B-Final-Project-Verilog-To-Lean/LeanHW/.lake/build/lib/lean/LeanHW/Tier1/Decoder_2_4_verA.ilean -c /Users/soohyuk.cho/Desktop/Princeton/SP26/COS598B/COS598B-Final-Project-Verilog-To-Lean/LeanHW/.lake/build/ir/LeanHW/Tier1/Decoder_2_4_verA.c --setup /Users/soohyuk.cho/Desktop/Princeton/SP26/COS598B/COS598B-Final-Project-Verilog-To-Lean/LeanHW/.lake/build/ir/LeanHW/Tier1/Decoder_2_4_verA.setup.json --json",
   "level": "trace"}],
 "inputs":
 [["LeanHW.Tier1.Decoder_2_4_verA:deps",
   [["deps",
     [["LeanHW/LeanHW:extraDep", [["@LeanHW:extraDep", "00000000000006bb"]]],
      ["imports", "00000000000006bb"]]],
    ["libs",
     [["import dynlibs", "00000000000006bb"],
      ["package external libraries", "00000000000006bb"],
      ["module dynlibs", "00000000000006bb"],
      ["module plugins", "00000000000006bb"]]]]],
  ["Lean 4.29.0, commit 98dc76e3c0a9b856c9b98726b713fb04fab16740",
   "60bb08ef22408c8a"],
  ["/Users/soohyuk.cho/Desktop/Princeton/SP26/COS598B/COS598B-Final-Project-Verilog-To-Lean/LeanHW/LeanHW/Tier1/Decoder_2_4_verA.lean",
   "f20b7a6dc7206065"],
  ["options", [["-DautoImplicit=false", "4a85acb881fd49d0"]]],
  ["isModule: false", "feefd2a0d3a1847e"],
  ["Module.name: LeanHW.Tier1.Decoder_2_4_verA", "64e4d7005dfbc4b8"],
  ["Package.id?: (some LeanHW)", "e79ee8d89c8db668"],
  ["Module.leanArgs: #[]", "00000000000006bb"]],
 "depHash": "68b060c3d75fc228"}