{"synthetic": false,
 "schemaVersion": "2025-09-10",
 "outputs":
 {"o": ["4d64ca2403c9a5b9.olean"],
  "i": "73fe31c9c16c6273.ilean",
  "c": "b8d3986d7dad2e2a.c"},
 "log":
 [{"message":
   ".> LEAN_PATH=/Users/soohyuk.cho/Desktop/Princeton/SP26/COS598B/COS598B-Final-Project-Verilog-To-Lean/LeanHW/.lake/build/lib/lean /Users/soohyuk.cho/.elan/toolchains/leanprover--lean4---v4.29.0/bin/lean /Users/soohyuk.cho/Desktop/Princeton/SP26/COS598B/COS598B-Final-Project-Verilog-To-Lean/LeanHW/LeanHW/Tier1/Encoder_4_2_verB.lean -o /Users/soohyuk.cho/Desktop/Princeton/SP26/COS598B/COS598B-Final-Project-Verilog-To-Lean/LeanHW/.lake/build/lib/lean/LeanHW/Tier1/Encoder_4_2_verB.olean -i /Users/soohyuk.cho/Desktop/Princeton/SP26/COS598B/COS598B-Final-Project-Verilog-To-Lean/LeanHW/.lake/build/lib/lean/LeanHW/Tier1/Encoder_4_2_verB.ilean -c /Users/soohyuk.cho/Desktop/Princeton/SP26/COS598B/COS598B-Final-Project-Verilog-To-Lean/LeanHW/.lake/build/ir/LeanHW/Tier1/Encoder_4_2_verB.c --setup /Users/soohyuk.cho/Desktop/Princeton/SP26/COS598B/COS598B-Final-Project-Verilog-To-Lean/LeanHW/.lake/build/ir/LeanHW/Tier1/Encoder_4_2_verB.setup.json --json",
   "level": "trace"}],
 "inputs":
 [["LeanHW.Tier1.Encoder_4_2_verB:deps",
   [["deps",
     [["LeanHW/LeanHW:extraDep", [["@LeanHW:extraDep", "00000000000006bb"]]],
      ["imports", "00000000000006bb"]]],
    ["libs",
     [["import dynlibs", "00000000000006bb"],
      ["package external libraries", "00000000000006bb"],
      ["module dynlibs", "00000000000006bb"],
      ["module plugins", "00000000000006bb"]]]]],
  ["Lean 4.29.0, commit 98dc76e3c0a9b856c9b98726b713fb04fab16740",
   "60bb08ef22408c8a"],
  ["/Users/soohyuk.cho/Desktop/Princeton/SP26/COS598B/COS598B-Final-Project-Verilog-To-Lean/LeanHW/LeanHW/Tier1/Encoder_4_2_verB.lean",
   "452d0eee34a24725"],
  ["options", [["-DautoImplicit=false", "4a85acb881fd49d0"]]],
  ["isModule: false", "feefd2a0d3a1847e"],
  ["Module.name: LeanHW.Tier1.Encoder_4_2_verB", "4c6832fb96c70fa0"],
  ["Package.id?: (some LeanHW)", "e79ee8d89c8db668"],
  ["Module.leanArgs: #[]", "00000000000006bb"]],
 "depHash": "3c84434b265ef236"}