## fpu_dp_add (gemmini)

- **Date**: 2026-05-02
- **Tier**: 4
- **Source**: gemmini
- **Module type**: sequential

### Level 0: Compilation
- Compiles: NO
- Sorry axiom in compiler output: YES (warning)
- Compiler output:
```
/Users/soohyuk.cho/Desktop/Princeton/SP26/COS598B/COS598B-Final-Project-Verilog-To-Lean/Leans-Gemmini/Tier 4/fpu_dp_add.lean:118:82: error(lean.invalidField): Invalid field `extract`: The environment does not contain `BitVec.extract`, so it is not possible to project the field `extract` from an expression
  s.b_e
of type `BitVec 13`
/Users/soohyuk.cho/Desktop/Princeton/SP26/COS598B/COS598B-Final-Project-Verilog-To-Lean/Leans-Gemmini/Tier 4/fpu_dp_add.lean:118:129: error(lean.invalidField): Invalid field `extract`: The environment does not contain `BitVec.extract`, so it is not possible to project the field `extract` from an expression
  s.b_m
of type `BitVec 56`
/Users/soohyuk.cho/Desktop/Princeton/SP26/COS598B/COS598B-Final-Project-Verilog-To-Lean/Leans-Gemmini/Tier 4/fpu_dp_add.lean:121:73: error(lean.invalidField): Invalid field `extract`: The environment does not contain `BitVec.extract`, so it is not possible to project the field `extract` from an expression
  s.b_e
of type `BitVec 13`
/Users/soohyuk.cho/Desktop/Princeton/SP26/COS598B/COS598B-Final-Project-Verilog-To-Lean/Leans-Gemmini/Tier 4/fpu_dp_add.lean:121:120: error(lean.invalidField): Invalid field `extract`: The environment does not contain `BitVec.extract`, so it is not possible to project the field `extract` from an expression
  s.b_m
of type `BitVec 56`
/Users/soohyuk.cho/Desktop/Princeton/SP26/COS598B/COS598B-Final-Project-Verilog-To-Lean/Leans-Gemmini/Tier 4/fpu_dp_add.lean:124:73: error(lean.invalidField): Invalid field `extract`: The environment does not contain `BitVec.extract`, so it is not possible to project the field `extract` from an expression
  s.a_e
of type `BitVec 13`
/Users/soohyuk.cho/Desktop/Princeton/SP26/COS598B/COS598B-Final-Project-Verilog-To-Lean/Leans-Gemmini/Tier 4/fpu_dp_add.lean:124:120: error(lean.invalidField): Invalid field `extract`: The environment does not contain `BitVec.extract`, so it is not possible to project the field `extract` from an expression
  s.a_m
of type `BitVec 56`
/Users/soohyuk.cho/Desktop/Princeton/SP26/COS598B/COS598B-Final-Project-Verilog-To-Lean/Leans-Gemmini/Tier 4/fpu_dp_add.lean:164:30: error(lean.invalidField): Invalid field `extract`: The environment does not contain `BitVec.extract`, so it is not possible to project the field `extract` from an expression
  s.sum
of type `BitVec 57`
/Users/soohyuk.cho/Desktop/Princeton/SP26/COS598B/COS598B-Final-Project-Verilog-To-Lean/Leans-Gemmini/Tier 4/fpu_dp_add.lean:171:30: error(lean.invalidField): Invalid field `extract`: The environment does not contain `BitVec.extract`, so it is not possible to project the field `extract` from an expression
  s.sum
of type `BitVec 57`
/Users/soohyuk.cho/Desktop/Princeton/SP26/COS598B/COS598B-Final-Project-Verilog-To-Lean/Leans-Gemmini/Tier 4/fpu_dp_add.lean:207:29: error(lean.invalidField): Invalid field `extract`: The environment does not contain `BitVec.extract`, so it is not possible to project the field `extract` from an expression
  s.z_e
of type `BitVec 13`
/Users/soohyuk.cho/Desktop/Princeton/SP26/COS598B/COS598B-Final-Project-Verilog-To-Lean/Leans-Gemmini/Tier 4/fpu_dp_add.lean:208:29: error(lean.invalidField): Invalid field `extract`: The environment does not contain `BitVec.extract`, so it is not possible to project the field `extract` from an expression
  s.z_m
of type `BitVec 53`
/Users/soohyuk.cho/Desktop/Princeton/SP26/COS598B/COS598B-Final-Project-Verilog-To-Lean/Leans-Gemmini/Tier 4/fpu_dp_add.lean:87:27: error(lean.invalidField): Invalid field `extract`: The environment does not contain `BitVec.extract`, so it is not possible to project the field `extract` from an expression
  s.a
of type `BitVec 64`
/Users/soohyuk.cho/Desktop/Princeton/SP26/COS598B/COS598B-Final-Project-Verilog-To-Lean/Leans-Gemmini/Tier 4/fpu_dp_add.lean:88:27: error(lean.invalidField): Invalid field `extract`: The environment does not contain `BitVec.extract`, so it is not possible to project the field `extract` from an expression
  s.b
of type `BitVec 64`
/Users/soohyuk.cho/Desktop/Princeton/SP26/COS598B/COS598B-Final-Project-Verilog-To-Lean/Leans-Gemmini/Tier 4/fpu_dp_add.lean:89:27: error(lean.invalidField): Invalid field `extract`: The environment does not contain `BitVec.extract`, so it is not possible to project the field `extract` from an expression
  s.a
of type `BitVec 64`
/Users/soohyuk.cho/Desktop/Princeton/SP26/COS598B/COS598B-Final-Project-Verilog-To-Lean/Leans-Gemmini/Tier 4/fpu_dp_add.lean:90:27: error(lean.invalidField): Invalid field `extract`: The environment does not contain `BitVec.extract`, so it is not possible to project the field `extract` from an expression
  s.b
of type `BitVec 64`
/Users/soohyuk.cho/Desktop/Princeton/SP26/COS598B/COS598B-Final-Project-Verilog-To-Lean/Leans-Gemmini/Tier 4/fpu_dp_add.lean:228:74: error: unsolved goals
s : State
d1 d2 : BitVec 64
dv : Bool
⊢ sorry s { rst_n := false, din1 := d1, din2 := d2, dval := dv } =
    { state := FsmState.WAIT_REQ, rdy := false, result := 0#64, a := 0#64, b := 0#64, z := 0#64, a_m := 0#56,
      b_m := 0#56, z_m := 0#53, a_e := 0#13, b_e := 0#13, z_e := 0#13, a_s := false, b_s := false, z_s := false,
      guard := false, round_bit := false, sticky := false, sum := 0#57 }
/Users/soohyuk.cho/Desktop/Princeton/SP26/COS598B/COS598B-Final-Project-Verilog-To-Lean/Leans-Gemmini/Tier 4/fpu_dp_add.lean:229:8: warning: declaration uses `sorry`
/Users/soohyuk.cho/Desktop/Princeton/SP26/COS598B/COS598B-Final-Project-Verilog-To-Lean/Leans-Gemmini/Tier 4/fpu_dp_add.lean:233:57: error: unsolved goals
s : State
d1 d2 : BitVec 64
⊢ sorry
      { state := FsmState.WAIT_REQ, rdy := s.rdy, result := s.result, a := s.a, b := s.b, z := s.z, a_m := s.a_m,
        b_m := s.b_m, z_m := s.z_m, a_e := s.a_e, b_e := s.b_e, z_e := s.z_e, a_s := s.a_s, b_s := s.b_s, z_s := s.z_s,
        guard := s.guard, round_bit := s.round_bit, sticky := s.sticky, sum := s.sum }
      { rst_n := true, din1 := d1, din2 := d2, dval := false } =
    { state := FsmState.WAIT_REQ, rdy := false, result := s.result, a := s.a, b := s.b, z := s.z, a_m := s.a_m,
      b_m := s.b_m, z_m := s.z_m, a_e := s.a_e, b_e := s.b_e, z_e := s.z_e, a_s := s.a_s, b_s := s.b_s, z_s := s.z_s,
      guard := s.guard, round_bit := s.round_bit, sticky := s.sticky, sum := s.sum }
/Users/soohyuk.cho/Desktop/Princeton/SP26/COS598B/COS598B-Final-Project-Verilog-To-Lean/Leans-Gemmini/Tier 4/fpu_dp_add.lean:234:8: warning: declaration uses `sorry`
```

### Level 1: Structural checks
- Sorry-free (source text): yes
- Has namespace: yes
- Has Inputs/State: yes
- Has Outputs/Output: yes
- Has eval/step: yes
- Has theorems: yes (2)
- Schema OK: YES

### Overall status: FAIL

### Notes
<!-- Add manual observations here: error categories, repair rounds, etc. -->
