## rob_fixed (gemmini_repair) — Iter 3

- **Date**: 2026-05-02
- **Tier**: 4
- **Source**: gemmini_repair
- **Repair iter**: 3
- **Module type**: sequential

### Level 0: Compilation
- Compiles: NO
- Sorry axiom in compiler output: YES (warning)
- Compiler output:
```
/Users/soohyuk.cho/Desktop/Princeton/SP26/COS598B/COS598B-Final-Project-Verilog-To-Lean/Leans-Gemmini-Repair/Iter 3/Tier 4/rob_fixed.lean:45:13: error(lean.unknownIdentifier): Unknown constant `Array.mkArray`
/Users/soohyuk.cho/Desktop/Princeton/SP26/COS598B/COS598B-Final-Project-Verilog-To-Lean/Leans-Gemmini-Repair/Iter 3/Tier 4/rob_fixed.lean:241:34: error(lean.unknownIdentifier): Unknown constant `Array.mkArray`
/Users/soohyuk.cho/Desktop/Princeton/SP26/COS598B/COS598B-Final-Project-Verilog-To-Lean/Leans-Gemmini-Repair/Iter 3/Tier 4/rob_fixed.lean:242:36: error(lean.unknownIdentifier): Unknown constant `Array.mkArray`
/Users/soohyuk.cho/Desktop/Princeton/SP26/COS598B/COS598B-Final-Project-Verilog-To-Lean/Leans-Gemmini-Repair/Iter 3/Tier 4/rob_fixed.lean:255:30: error(lean.unknownIdentifier): Unknown constant `Array.mkArray`
/Users/soohyuk.cho/Desktop/Princeton/SP26/COS598B/COS598B-Final-Project-Verilog-To-Lean/Leans-Gemmini-Repair/Iter 3/Tier 4/rob_fixed.lean:256:32: error(lean.unknownIdentifier): Unknown constant `Array.mkArray`
/Users/soohyuk.cho/Desktop/Princeton/SP26/COS598B/COS598B-Final-Project-Verilog-To-Lean/Leans-Gemmini-Repair/Iter 3/Tier 4/rob_fixed.lean:257:32: error(lean.unknownIdentifier): Unknown constant `Array.mkArray`
/Users/soohyuk.cho/Desktop/Princeton/SP26/COS598B/COS598B-Final-Project-Verilog-To-Lean/Leans-Gemmini-Repair/Iter 3/Tier 4/rob_fixed.lean:258:36: error(lean.unknownIdentifier): Unknown constant `Array.mkArray`
/Users/soohyuk.cho/Desktop/Princeton/SP26/COS598B/COS598B-Final-Project-Verilog-To-Lean/Leans-Gemmini-Repair/Iter 3/Tier 4/rob_fixed.lean:259:34: error(lean.unknownIdentifier): Unknown constant `Array.mkArray`
/Users/soohyuk.cho/Desktop/Princeton/SP26/COS598B/COS598B-Final-Project-Verilog-To-Lean/Leans-Gemmini-Repair/Iter 3/Tier 4/rob_fixed.lean:260:30: error(lean.unknownIdentifier): Unknown constant `Array.mkArray`
/Users/soohyuk.cho/Desktop/Princeton/SP26/COS598B/COS598B-Final-Project-Verilog-To-Lean/Leans-Gemmini-Repair/Iter 3/Tier 4/rob_fixed.lean:261:29: error(lean.unknownIdentifier): Unknown constant `Array.mkArray`
/Users/soohyuk.cho/Desktop/Princeton/SP26/COS598B/COS598B-Final-Project-Verilog-To-Lean/Leans-Gemmini-Repair/Iter 3/Tier 4/rob_fixed.lean:262:32: error(lean.unknownIdentifier): Unknown constant `Array.mkArray`
/Users/soohyuk.cho/Desktop/Princeton/SP26/COS598B/COS598B-Final-Project-Verilog-To-Lean/Leans-Gemmini-Repair/Iter 3/Tier 4/rob_fixed.lean:263:27: error(lean.unknownIdentifier): Unknown constant `Array.mkArray`
/Users/soohyuk.cho/Desktop/Princeton/SP26/COS598B/COS598B-Final-Project-Verilog-To-Lean/Leans-Gemmini-Repair/Iter 3/Tier 4/rob_fixed.lean:265:36: error(lean.unknownIdentifier): Unknown constant `Array.mkArray`
/Users/soohyuk.cho/Desktop/Princeton/SP26/COS598B/COS598B-Final-Project-Verilog-To-Lean/Leans-Gemmini-Repair/Iter 3/Tier 4/rob_fixed.lean:266:38: error(lean.unknownIdentifier): Unknown constant `Array.mkArray`
/Users/soohyuk.cho/Desktop/Princeton/SP26/COS598B/COS598B-Final-Project-Verilog-To-Lean/Leans-Gemmini-Repair/Iter 3/Tier 4/rob_fixed.lean:335:17: warning: declaration uses `sorry`
/Users/soohyuk.cho/Desktop/Princeton/SP26/COS598B/COS598B-Final-Project-Verilog-To-Lean/Leans-Gemmini-Repair/Iter 3/Tier 4/rob_fixed.lean:332:16: warning: declaration uses `sorry`
```

### Level 1: Structural checks
- Sorry-free (source text): yes
- Has namespace: yes
- Has Inputs/State: yes
- Has Outputs/Output: yes
- Has eval/step: yes
- Has theorems: yes (1)
- Schema OK: YES

### Overall status: FAIL

### Notes
<!-- Add manual observations here: error categories, repair rounds, etc. -->
