{"synthetic": false,
 "schemaVersion": "2025-09-10",
 "outputs":
 {"o": ["fe832f34c5409cb3.olean"],
  "i": "775ba081f610bcb7.ilean",
  "c": "e857ea21a4389d71.c"},
 "log":
 [{"message":
   ".> LEAN_PATH=/Users/soohyuk.cho/Desktop/Princeton/SP26/COS598B/COS598B-Final-Project-Verilog-To-Lean/LeanHW/.lake/build/lib/lean /Users/soohyuk.cho/.elan/toolchains/leanprover--lean4---v4.29.0/bin/lean /Users/soohyuk.cho/Desktop/Princeton/SP26/COS598B/COS598B-Final-Project-Verilog-To-Lean/LeanHW/LeanHW.lean -o /Users/soohyuk.cho/Desktop/Princeton/SP26/COS598B/COS598B-Final-Project-Verilog-To-Lean/LeanHW/.lake/build/lib/lean/LeanHW.olean -i /Users/soohyuk.cho/Desktop/Princeton/SP26/COS598B/COS598B-Final-Project-Verilog-To-Lean/LeanHW/.lake/build/lib/lean/LeanHW.ilean -c /Users/soohyuk.cho/Desktop/Princeton/SP26/COS598B/COS598B-Final-Project-Verilog-To-Lean/LeanHW/.lake/build/ir/LeanHW.c --setup /Users/soohyuk.cho/Desktop/Princeton/SP26/COS598B/COS598B-Final-Project-Verilog-To-Lean/LeanHW/.lake/build/ir/LeanHW.setup.json --json",
   "level": "trace"}],
 "inputs":
 [["LeanHW:deps",
   [["deps",
     [["LeanHW/LeanHW:extraDep", [["@LeanHW:extraDep", "00000000000006bb"]]],
      ["imports",
       [["LeanHW.Tier1.Mux_2_1_verA transitive imports (legacy)",
         "00000000000006bb"],
        ["LeanHW.Tier1.Mux_2_1_verA:importAllArts", "8f6adca2bfd717fe"],
        ["LeanHW.Tier1.Mux_2_1_verB transitive imports (legacy)",
         "00000000000006bb"],
        ["LeanHW.Tier1.Mux_2_1_verB:importAllArts", "94e21ac50668c6da"],
        ["LeanHW.Tier1.Decoder_2_4_verA transitive imports (legacy)",
         "00000000000006bb"],
        ["LeanHW.Tier1.Decoder_2_4_verA:importAllArts", "e9b009205ea16f8c"],
        ["LeanHW.Tier1.Decoder_2_4_verB transitive imports (legacy)",
         "00000000000006bb"],
        ["LeanHW.Tier1.Decoder_2_4_verB:importAllArts", "172604be3f0e60ec"],
        ["LeanHW.Tier1.Encoder_4_2_verA transitive imports (legacy)",
         "00000000000006bb"],
        ["LeanHW.Tier1.Encoder_4_2_verA:importAllArts", "4b45b6f3cf6544aa"],
        ["LeanHW.Tier1.Encoder_4_2_verB transitive imports (legacy)",
         "00000000000006bb"],
        ["LeanHW.Tier1.Encoder_4_2_verB:importAllArts", "28a164e8ee88580b"],
        ["LeanHW.Tier1.Comparator_4bit_verA transitive imports (legacy)",
         "00000000000006bb"],
        ["LeanHW.Tier1.Comparator_4bit_verA:importAllArts", "8aaab6a809453c01"],
        ["LeanHW.Tier1.ALU_4_verA transitive imports (legacy)",
         "00000000000006bb"],
        ["LeanHW.Tier1.ALU_4_verA:importAllArts", "971dc6e752aabd6e"],
        ["LeanHW.Tier1.ALU_4_verB transitive imports (legacy)",
         "00000000000006bb"],
        ["LeanHW.Tier1.ALU_4_verB:importAllArts", "a36abf9c7170c0f3"],
        ["LeanHW.Tier2.counter_verA transitive imports (legacy)",
         "00000000000006bb"],
        ["LeanHW.Tier2.counter_verA:importAllArts", "bdaacfd31e9f4c38"],
        ["LeanHW.Tier2.counter_verB transitive imports (legacy)",
         "00000000000006bb"],
        ["LeanHW.Tier2.counter_verB:importAllArts", "deee620cb8bae806"]]]]],
    ["libs",
     [["import dynlibs", "00000000000006bb"],
      ["package external libraries", "00000000000006bb"],
      ["module dynlibs", "00000000000006bb"],
      ["module plugins", "00000000000006bb"]]]]],
  ["Lean 4.29.0, commit 98dc76e3c0a9b856c9b98726b713fb04fab16740",
   "60bb08ef22408c8a"],
  ["/Users/soohyuk.cho/Desktop/Princeton/SP26/COS598B/COS598B-Final-Project-Verilog-To-Lean/LeanHW/LeanHW.lean",
   "b9abcdf94fae7df0"],
  ["options", [["-DautoImplicit=false", "4a85acb881fd49d0"]]],
  ["isModule: false", "feefd2a0d3a1847e"],
  ["Module.name: LeanHW", "cf2e93131fad341a"],
  ["Package.id?: (some LeanHW)", "e79ee8d89c8db668"],
  ["Module.leanArgs: #[]", "00000000000006bb"]],
 "depHash": "907d216fce5051a9"}