{"synthetic": false,
 "schemaVersion": "2025-09-10",
 "outputs":
 {"o": ["2844144947ec8ce1.olean"],
  "i": "246a41a3de3cbe4c.ilean",
  "c": "8e249bb31f323c24.c"},
 "log":
 [{"message":
   ".> LEAN_PATH=/Users/soohyuk.cho/Desktop/Princeton/SP26/COS598B/COS598B-Final-Project-Verilog-To-Lean/LeanHW/.lake/build/lib/lean /Users/soohyuk.cho/.elan/toolchains/leanprover--lean4---v4.29.0/bin/lean /Users/soohyuk.cho/Desktop/Princeton/SP26/COS598B/COS598B-Final-Project-Verilog-To-Lean/LeanHW/LeanHW/Tier2/counter_verB.lean -o /Users/soohyuk.cho/Desktop/Princeton/SP26/COS598B/COS598B-Final-Project-Verilog-To-Lean/LeanHW/.lake/build/lib/lean/LeanHW/Tier2/counter_verB.olean -i /Users/soohyuk.cho/Desktop/Princeton/SP26/COS598B/COS598B-Final-Project-Verilog-To-Lean/LeanHW/.lake/build/lib/lean/LeanHW/Tier2/counter_verB.ilean -c /Users/soohyuk.cho/Desktop/Princeton/SP26/COS598B/COS598B-Final-Project-Verilog-To-Lean/LeanHW/.lake/build/ir/LeanHW/Tier2/counter_verB.c --setup /Users/soohyuk.cho/Desktop/Princeton/SP26/COS598B/COS598B-Final-Project-Verilog-To-Lean/LeanHW/.lake/build/ir/LeanHW/Tier2/counter_verB.setup.json --json",
   "level": "trace"}],
 "inputs":
 [["LeanHW.Tier2.counter_verB:deps",
   [["deps",
     [["LeanHW/LeanHW:extraDep", [["@LeanHW:extraDep", "00000000000006bb"]]],
      ["imports", "00000000000006bb"]]],
    ["libs",
     [["import dynlibs", "00000000000006bb"],
      ["package external libraries", "00000000000006bb"],
      ["module dynlibs", "00000000000006bb"],
      ["module plugins", "00000000000006bb"]]]]],
  ["Lean 4.29.0, commit 98dc76e3c0a9b856c9b98726b713fb04fab16740",
   "60bb08ef22408c8a"],
  ["/Users/soohyuk.cho/Desktop/Princeton/SP26/COS598B/COS598B-Final-Project-Verilog-To-Lean/LeanHW/LeanHW/Tier2/counter_verB.lean",
   "3c1e30d35b1282cf"],
  ["options", [["-DautoImplicit=false", "4a85acb881fd49d0"]]],
  ["isModule: false", "feefd2a0d3a1847e"],
  ["Module.name: LeanHW.Tier2.counter_verB", "a3088694f797871d"],
  ["Package.id?: (some LeanHW)", "e79ee8d89c8db668"],
  ["Module.leanArgs: #[]", "00000000000006bb"]],
 "depHash": "57baf6bcaac8ef8b"}