## rr_arbiter (gemmini)

- **Date**: 2026-05-02
- **Tier**: 3
- **Source**: gemmini
- **Module type**: sequential

### Level 0: Compilation
- Compiles: NO
- Sorry axiom in compiler output: no
- Compiler output:
```
/Users/soohyuk.cho/Desktop/Princeton/SP26/COS598B/COS598B-Final-Project-Verilog-To-Lean/Leans-Gemmini/Tier 3/rr_arbiter.lean:29:18: error: Application type mismatch: The argument
  idx
has type
  Nat
but is expected to have type
  Fin n
in the application
  req.getLsb idx
```

### Level 1: Structural checks
- Sorry-free (source text): yes
- Has namespace: yes
- Has Inputs/State: yes
- Has Outputs/Output: yes
- Has eval/step: yes
- Has theorems: yes (2)
- Schema OK: YES

### Overall status: FAIL

### Notes
<!-- Add manual observations here: error categories, repair rounds, etc. -->
