## rob_fixed (gemmini_repair) — Iter 1

- **Date**: 2026-05-02
- **Tier**: 4
- **Source**: gemmini_repair
- **Repair iter**: 1
- **Module type**: sequential

### Level 0: Compilation
- Compiles: NO
- Sorry axiom in compiler output: no
- Compiler output:
```
/Users/soohyuk.cho/Desktop/Princeton/SP26/COS598B/COS598B-Final-Project-Verilog-To-Lean/Leans-Gemmini-Repair/Iter 1/Tier 4/rob_fixed.lean:45:13: error(lean.unknownIdentifier): Unknown constant `Array.mkArray`
/Users/soohyuk.cho/Desktop/Princeton/SP26/COS598B/COS598B-Final-Project-Verilog-To-Lean/Leans-Gemmini-Repair/Iter 1/Tier 4/rob_fixed.lean:234:34: error(lean.unknownIdentifier): Unknown constant `Array.mkArray`
/Users/soohyuk.cho/Desktop/Princeton/SP26/COS598B/COS598B-Final-Project-Verilog-To-Lean/Leans-Gemmini-Repair/Iter 1/Tier 4/rob_fixed.lean:235:36: error(lean.unknownIdentifier): Unknown constant `Array.mkArray`
/Users/soohyuk.cho/Desktop/Princeton/SP26/COS598B/COS598B-Final-Project-Verilog-To-Lean/Leans-Gemmini-Repair/Iter 1/Tier 4/rob_fixed.lean:248:30: error(lean.unknownIdentifier): Unknown constant `Array.mkArray`
/Users/soohyuk.cho/Desktop/Princeton/SP26/COS598B/COS598B-Final-Project-Verilog-To-Lean/Leans-Gemmini-Repair/Iter 1/Tier 4/rob_fixed.lean:249:32: error(lean.unknownIdentifier): Unknown constant `Array.mkArray`
/Users/soohyuk.cho/Desktop/Princeton/SP26/COS598B/COS598B-Final-Project-Verilog-To-Lean/Leans-Gemmini-Repair/Iter 1/Tier 4/rob_fixed.lean:250:32: error(lean.unknownIdentifier): Unknown constant `Array.mkArray`
/Users/soohyuk.cho/Desktop/Princeton/SP26/COS598B/COS598B-Final-Project-Verilog-To-Lean/Leans-Gemmini-Repair/Iter 1/Tier 4/rob_fixed.lean:251:36: error(lean.unknownIdentifier): Unknown constant `Array.mkArray`
/Users/soohyuk.cho/Desktop/Princeton/SP26/COS598B/COS598B-Final-Project-Verilog-To-Lean/Leans-Gemmini-Repair/Iter 1/Tier 4/rob_fixed.lean:252:34: error(lean.unknownIdentifier): Unknown constant `Array.mkArray`
/Users/soohyuk.cho/Desktop/Princeton/SP26/COS598B/COS598B-Final-Project-Verilog-To-Lean/Leans-Gemmini-Repair/Iter 1/Tier 4/rob_fixed.lean:253:30: error(lean.unknownIdentifier): Unknown constant `Array.mkArray`
/Users/soohyuk.cho/Desktop/Princeton/SP26/COS598B/COS598B-Final-Project-Verilog-To-Lean/Leans-Gemmini-Repair/Iter 1/Tier 4/rob_fixed.lean:254:29: error(lean.unknownIdentifier): Unknown constant `Array.mkArray`
/Users/soohyuk.cho/Desktop/Princeton/SP26/COS598B/COS598B-Final-Project-Verilog-To-Lean/Leans-Gemmini-Repair/Iter 1/Tier 4/rob_fixed.lean:255:32: error(lean.unknownIdentifier): Unknown constant `Array.mkArray`
/Users/soohyuk.cho/Desktop/Princeton/SP26/COS598B/COS598B-Final-Project-Verilog-To-Lean/Leans-Gemmini-Repair/Iter 1/Tier 4/rob_fixed.lean:256:27: error(lean.unknownIdentifier): Unknown constant `Array.mkArray`
/Users/soohyuk.cho/Desktop/Princeton/SP26/COS598B/COS598B-Final-Project-Verilog-To-Lean/Leans-Gemmini-Repair/Iter 1/Tier 4/rob_fixed.lean:258:36: error(lean.unknownIdentifier): Unknown constant `Array.mkArray`
/Users/soohyuk.cho/Desktop/Princeton/SP26/COS598B/COS598B-Final-Project-Verilog-To-Lean/Leans-Gemmini-Repair/Iter 1/Tier 4/rob_fixed.lean:259:38: error(lean.unknownIdentifier): Unknown constant `Array.mkArray`
```

### Level 1: Structural checks
- Sorry-free (source text): yes
- Has namespace: yes
- Has Inputs/State: yes
- Has Outputs/Output: yes
- Has eval/step: yes
- Has theorems: NO (0)
- Schema OK: YES

### Overall status: FAIL

### Notes
<!-- Add manual observations here: error categories, repair rounds, etc. -->
