## circular_buffer_fifo_fixed (chat_repair) — Iter 1

- **Date**: 2026-05-02
- **Tier**: 3
- **Source**: chat_repair
- **Repair iter**: 1
- **Module type**: sequential

### Level 0: Compilation
- Compiles: yes
- Sorry axiom in compiler output: no

### Level 1: Structural checks
- Sorry-free (source text): yes
- Has namespace: yes
- Has Inputs/State: yes
- Has Outputs/Output: yes
- Has eval/step: yes
- Has theorems: yes
- Schema OK: YES

### Overall status: PASS

### Notes
<!-- Add manual observations here: error categories, repair rounds, etc. -->
