## threshold_buffer_fifo_fixed (chat_repair) — Iter 1

- **Date**: 2026-05-02
- **Tier**: 3
- **Source**: chat_repair
- **Repair iter**: 1
- **Module type**: sequential

### Level 0: Compilation
- Compiles: NO
- Sorry axiom in compiler output: no
- Compiler output:
```
/Users/soohyuk.cho/Desktop/Princeton/SP26/COS598B/COS598B-Final-Project-Verilog-To-Lean/Leans-Chat-Repair/Iter 1/Tier 3/threshold_buffer_fifo_fixed.lean:109:38: error: unsolved goals
s : State
wd : Bits8
hfull : fifoFull s = false
⊢ (BitVec.toNat s.fifo_count = 16 → s.fifo_mem = s.fifo_mem.setIfInBounds (BitVec.toNat s.write_ptr) wd) ∧
    (BitVec.toNat s.fifo_count = 16 → bv4 1 = 0#4) ∧ (BitVec.toNat s.fifo_count = 16 → bv5 1 = 0#5)
/Users/soohyuk.cho/Desktop/Princeton/SP26/COS598B/COS598B-Final-Project-Verilog-To-Lean/Leans-Chat-Repair/Iter 1/Tier 3/threshold_buffer_fifo_fixed.lean:110:14: warning: This simp argument is unused:
  hfull

Hint: Omit it from the simp argument list.
  simp [step, h̵f̵u̵l̵l̵,̵ ̵fifoFull, fifoEmpty]

Note: This linter can be disabled with `set_option linter.unusedSimpArgs false`
/Users/soohyuk.cho/Desktop/Princeton/SP26/COS598B/COS598B-Final-Project-Verilog-To-Lean/Leans-Chat-Repair/Iter 1/Tier 3/threshold_buffer_fifo_fixed.lean:118:64: error: unsolved goals
s : State
wd : Bits8
hempty : fifoEmpty s = false
⊢ (BitVec.toNat s.fifo_count = 0 → bv4 1 = 0#4) ∧
    (BitVec.toNat s.fifo_count = 0 → s.fifo_count = s.fifo_count - bv5 1) ∧
      (BitVec.toNat s.fifo_count = 0 → s.read_data = s.fifo_mem[BitVec.toNat s.read_ptr]?.getD (bv8 0))
/Users/soohyuk.cho/Desktop/Princeton/SP26/COS598B/COS598B-Final-Project-Verilog-To-Lean/Leans-Chat-Repair/Iter 1/Tier 3/threshold_buffer_fifo_fixed.lean:119:14: warning: This simp argument is unused:
  hempty

Hint: Omit it from the simp argument list.
  simp [step, h̵e̵m̵p̵t̵y̵,̵ ̵fifoFull, fifoEmpty, memRead]

Note: This linter can be disabled with `set_option linter.unusedSimpArgs false`
/Users/soohyuk.cho/Desktop/Princeton/SP26/COS598B/COS598B-Final-Project-Verilog-To-Lean/Leans-Chat-Repair/Iter 1/Tier 3/threshold_buffer_fifo_fixed.lean:128:64: error: unsolved goals
s : State
wd : Bits8
hfull : fifoFull s = false
hempty : fifoEmpty s = false
⊢ (BitVec.toNat s.fifo_count = 16 → s.fifo_mem = s.fifo_mem.setIfInBounds (BitVec.toNat s.write_ptr) wd) ∧
    (BitVec.toNat s.fifo_count = 16 → bv4 1 = 0#4) ∧
      (BitVec.toNat s.fifo_count = 0 → bv4 1 = 0#4) ∧
        (BitVec.toNat s.fifo_count = 0 →
            (if BitVec.toNat s.fifo_count = 16 then s.fifo_count else s.fifo_count + bv5 1) = s.fifo_count - bv5 1) ∧
          (BitVec.toNat s.fifo_count = 0 → s.read_data = s.fifo_mem[BitVec.toNat s.read_ptr]?.getD (bv8 0))
/Users/soohyuk.cho/Desktop/Princeton/SP26/COS598B/COS598B-Final-Project-Verilog-To-Lean/Leans-Chat-Repair/Iter 1/Tier 3/threshold_buffer_fifo_fixed.lean:129:14: warning: This simp argument is unused:
  hfull

Hint: Omit it from the simp argument list.
  simp [step, hf̵u̵l̵l̵,̵ ̵h̵empty, fifoFull, fifoEmpty, memRead]

Note: This linter can be disabled with `set_option linter.unusedSimpArgs false`
/Users/soohyuk.cho/Desktop/Princeton/SP26/COS598B/COS598B-Final-Project-Verilog-To-Lean/Leans-Chat-Repair/Iter 1/Tier 3/threshold_buffer_fifo_fixed.lean:129:21: warning: This simp argument is unused:
  hempty

Hint: Omit it from the simp argument list.
  simp [step, hfull, h̵e̵m̵p̵t̵y̵,̵ ̵fifoFull, fifoEmpty, memRead]

Note: This linter can be disabled with `set_option linter.unusedSimpArgs false`
```

### Level 1: Structural checks
- Sorry-free (source text): yes
- Has namespace: yes
- Has Inputs/State: yes
- Has Outputs/Output: yes
- Has eval/step: yes
- Has theorems: yes
- Schema OK: YES

### Overall status: FAIL

### Notes
<!-- Add manual observations here: error categories, repair rounds, etc. -->
